Archive member included because of file (symbol)

../teste001_bsp/\libhal_bsp.a(alt_load.o)
                              ../teste001_bsp//obj/HAL/src/crt0.o (alt_load)
../teste001_bsp/\libhal_bsp.a(alt_main.o)
                              ../teste001_bsp//obj/HAL/src/crt0.o (alt_main)
../teste001_bsp/\libhal_bsp.a(alt_usleep.o)
                              obj/default/hello_world_small.o (usleep)
../teste001_bsp/\libhal_bsp.a(alt_sys_init.o)
                              ../teste001_bsp/\libhal_bsp.a(alt_main.o) (alt_sys_init)
../teste001_bsp/\libhal_bsp.a(alt_busy_sleep.o)
                              ../teste001_bsp/\libhal_bsp.a(alt_usleep.o) (alt_busy_sleep)
../teste001_bsp/\libhal_bsp.a(alt_dcache_flush_all.o)
                              ../teste001_bsp/\libhal_bsp.a(alt_load.o) (alt_dcache_flush_all)
../teste001_bsp/\libhal_bsp.a(alt_icache_flush_all.o)
                              ../teste001_bsp/\libhal_bsp.a(alt_load.o) (alt_icache_flush_all)
../teste001_bsp/\libhal_bsp.a(altera_nios2_qsys_irq.o)
                              ../teste001_bsp/\libhal_bsp.a(alt_sys_init.o) (altera_nios2_qsys_irq_init)
c:/altera/web_13.0sp1/nios2eds/bin/gnu/h-i686-mingw32/bin/../lib/gcc/nios2-elf/4.1.2/mno-hw-mul\libgcc.a(lib2-divmod.o)
                              ../teste001_bsp/\libhal_bsp.a(alt_busy_sleep.o) (__udivsi3)
c:/altera/web_13.0sp1/nios2eds/bin/gnu/h-i686-mingw32/bin/../lib/gcc/nios2-elf/4.1.2/mno-hw-mul\libgcc.a(lib2-mul.o)
                              ../teste001_bsp/\libhal_bsp.a(alt_busy_sleep.o) (__mulsi3)

Allocating common symbols
Common symbol       size              file

max_timer0          0x2               obj/default/hello_world_small.o
max_timer2          0x2               obj/default/hello_world_small.o
max_timer1          0x2               obj/default/hello_world_small.o

Memory Configuration

Name             Origin             Length             Attributes
reset            0x00010000         0x00000020
onchip_memory2_0 0x00010020         0x00009fe0
*default*        0x00000000         0xffffffff

Linker script and memory map

LOAD ../teste001_bsp//obj/HAL/src/crt0.o
                0x0001000c                exit = _exit
LOAD obj/default/hello_world_small.o
LOAD c:/altera/web_13.0sp1/nios2eds/bin/gnu/h-i686-mingw32/bin/../lib/gcc/nios2-elf/4.1.2/../../../../nios2-elf/lib/mno-hw-mul\libstdc++.a
LOAD c:/altera/web_13.0sp1/nios2eds/bin/gnu/h-i686-mingw32/bin/../lib/gcc/nios2-elf/4.1.2/../../../../nios2-elf/lib/mno-hw-mul\libm.a
LOAD c:/altera/web_13.0sp1/nios2eds/bin/gnu/h-i686-mingw32/bin/../lib/gcc/nios2-elf/4.1.2/mno-hw-mul\libgcc.a
START GROUP
LOAD c:/altera/web_13.0sp1/nios2eds/bin/gnu/h-i686-mingw32/bin/../lib/gcc/nios2-elf/4.1.2/../../../../nios2-elf/lib/mno-hw-mul\libsmallc.a
LOAD c:/altera/web_13.0sp1/nios2eds/bin/gnu/h-i686-mingw32/bin/../lib/gcc/nios2-elf/4.1.2/mno-hw-mul\libgcc.a
LOAD ../teste001_bsp/\libhal_bsp.a
END GROUP
LOAD c:/altera/web_13.0sp1/nios2eds/bin/gnu/h-i686-mingw32/bin/../lib/gcc/nios2-elf/4.1.2/mno-hw-mul\libgcc.a
                0x00010000                __alt_mem_onchip_memory2_0 = 0x10000

.entry          0x00010000       0x20
 *(.entry)
 .entry         0x00010000       0x20 ../teste001_bsp//obj/HAL/src/crt0.o
                0x00010000                __reset
                0x0001000c                _exit

.exceptions     0x00010020        0x0
                0x00010020                PROVIDE (__ram_exceptions_start, ABSOLUTE (.))
                0x00010020                . = ALIGN (0x20)
 *(.irq)
 *(.exceptions.entry.label)
 *(.exceptions.entry.user)
 *(.exceptions.entry)
 *(.exceptions.irqtest.user)
 *(.exceptions.irqtest)
 *(.exceptions.irqhandler.user)
 *(.exceptions.irqhandler)
 *(.exceptions.irqreturn.user)
 *(.exceptions.irqreturn)
 *(.exceptions.notirq.label)
 *(.exceptions.notirq.user)
 *(.exceptions.notirq)
 *(.exceptions.soft.user)
 *(.exceptions.soft)
 *(.exceptions.unknown.user)
 *(.exceptions.unknown)
 *(.exceptions.exit.label)
 *(.exceptions.exit.user)
 *(.exceptions.exit)
 *(.exceptions)
                0x00010020                PROVIDE (__ram_exceptions_end, ABSOLUTE (.))
                0x00010020                PROVIDE (__flash_exceptions_start, LOADADDR (.exceptions))

.text           0x00010020      0x68c
                0x00010020                PROVIDE (stext, ABSOLUTE (.))
 *(.interp)
 *(.hash)
 *(.dynsym)
 *(.dynstr)
 *(.gnu.version)
 *(.gnu.version_d)
 *(.gnu.version_r)
 *(.rel.init)
 *(.rela.init)
 *(.rel.text .rel.text.* .rel.gnu.linkonce.t.*)
 *(.rela.text .rela.text.* .rela.gnu.linkonce.t.*)
 *(.rel.fini)
 *(.rela.fini)
 *(.rel.rodata .rel.rodata.* .rel.gnu.linkonce.r.*)
 *(.rela.rodata .rela.rodata.* .rela.gnu.linkonce.r.*)
 *(.rel.data .rel.data.* .rel.gnu.linkonce.d.*)
 *(.rela.data .rela.data.* .rela.gnu.linkonce.d.*)
 *(.rel.tdata .rel.tdata.* .rel.gnu.linkonce.td.*)
 *(.rela.tdata .rela.tdata.* .rela.gnu.linkonce.td.*)
 *(.rel.tbss .rel.tbss.* .rel.gnu.linkonce.tb.*)
 *(.rela.tbss .rela.tbss.* .rela.gnu.linkonce.tb.*)
 *(.rel.ctors)
 *(.rela.ctors)
 *(.rel.dtors)
 *(.rela.dtors)
 *(.rel.got)
 *(.rela.got)
 *(.rel.sdata .rel.sdata.* .rel.gnu.linkonce.s.*)
 *(.rela.sdata .rela.sdata.* .rela.gnu.linkonce.s.*)
 *(.rel.sbss .rel.sbss.* .rel.gnu.linkonce.sb.*)
 *(.rela.sbss .rela.sbss.* .rela.gnu.linkonce.sb.*)
 *(.rel.sdata2 .rel.sdata2.* .rel.gnu.linkonce.s2.*)
 *(.rela.sdata2 .rela.sdata2.* .rela.gnu.linkonce.s2.*)
 *(.rel.sbss2 .rel.sbss2.* .rel.gnu.linkonce.sb2.*)
 *(.rela.sbss2 .rela.sbss2.* .rela.gnu.linkonce.sb2.*)
 *(.rel.bss .rel.bss.* .rel.gnu.linkonce.b.*)
 *(.rela.bss .rela.bss.* .rela.gnu.linkonce.b.*)
 *(.rel.plt)
 *(.rela.plt)
 *(.rel.dyn)
 *(.init)
 *(.plt)
 *(.text .stub .text.* .gnu.linkonce.t.*)
 .text          0x00010020       0x3c ../teste001_bsp//obj/HAL/src/crt0.o
                0x00010020                _start
 .text          0x0001005c      0x350 obj/default/hello_world_small.o
                0x0001005c                f_timer1
                0x00010060                f_timer2
                0x00010064                setup
                0x000100a4                f_timer0
                0x000102e8                f_interrupt
                0x00010380                loop
                0x0001039c                main
 .text          0x000103ac       0x8c ../teste001_bsp/\libhal_bsp.a(alt_load.o)
                0x000103cc                alt_load
 .text          0x00010438       0x2c ../teste001_bsp/\libhal_bsp.a(alt_main.o)
                0x00010438                alt_main
 .text          0x00010464        0x4 ../teste001_bsp/\libhal_bsp.a(alt_usleep.o)
                0x00010464                usleep
 .text          0x00010468       0x24 ../teste001_bsp/\libhal_bsp.a(alt_sys_init.o)
                0x00010468                alt_sys_init
                0x0001046c                alt_irq_init
 .text          0x0001048c       0x8c ../teste001_bsp/\libhal_bsp.a(alt_busy_sleep.o)
                0x0001048c                alt_busy_sleep
 .text          0x00010518        0x4 ../teste001_bsp/\libhal_bsp.a(alt_dcache_flush_all.o)
                0x00010518                alt_dcache_flush_all
 .text          0x0001051c        0x4 ../teste001_bsp/\libhal_bsp.a(alt_icache_flush_all.o)
                0x0001051c                alt_icache_flush_all
 .text          0x00010520        0x8 ../teste001_bsp/\libhal_bsp.a(altera_nios2_qsys_irq.o)
                0x00010520                altera_nios2_qsys_irq_init
 .text          0x00010528      0x14c c:/altera/web_13.0sp1/nios2eds/bin/gnu/h-i686-mingw32/bin/../lib/gcc/nios2-elf/4.1.2/mno-hw-mul\libgcc.a(lib2-divmod.o)
                0x000105a4                __divsi3
                0x00010604                __modsi3
                0x00010664                __udivsi3
                0x0001066c                __umodsi3
 .text          0x00010674       0x38 c:/altera/web_13.0sp1/nios2eds/bin/gnu/h-i686-mingw32/bin/../lib/gcc/nios2-elf/4.1.2/mno-hw-mul\libgcc.a(lib2-mul.o)
                0x00010674                __mulsi3
 *(.gnu.warning.*)
 *(.fini)
                0x000106ac                PROVIDE (__etext, ABSOLUTE (.))
                0x000106ac                PROVIDE (_etext, ABSOLUTE (.))
                0x000106ac                PROVIDE (etext, ABSOLUTE (.))
 *(.eh_frame_hdr)
                0x000106ac                . = ALIGN (0x4)
                0x000106ac                PROVIDE (__preinit_array_start, ABSOLUTE (.))
 *(.preinit_array)
                0x000106ac                PROVIDE (__preinit_array_end, ABSOLUTE (.))
                0x000106ac                PROVIDE (__init_array_start, ABSOLUTE (.))
 *(.init_array)
                0x000106ac                PROVIDE (__init_array_end, ABSOLUTE (.))
                0x000106ac                PROVIDE (__fini_array_start, ABSOLUTE (.))
 *(.fini_array)
                0x000106ac                PROVIDE (__fini_array_end, ABSOLUTE (.))
 *(.eh_frame)
 *(.gcc_except_table)
 *(.dynamic)
                0x000106ac                PROVIDE (__CTOR_LIST__, ABSOLUTE (.))
 *(.ctors)
 *(SORT(.ctors.*))
                0x000106ac                PROVIDE (__CTOR_END__, ABSOLUTE (.))
                0x000106ac                PROVIDE (__DTOR_LIST__, ABSOLUTE (.))
 *(.dtors)
 *(SORT(.dtors.*))
                0x000106ac                PROVIDE (__DTOR_END__, ABSOLUTE (.))
 *(.jcr)
                0x000106ac                . = ALIGN (0x4)

.rodata         0x000106ac        0x0
                0x000106ac                PROVIDE (__ram_rodata_start, ABSOLUTE (.))
                0x000106ac                . = ALIGN (0x4)
 *(.rodata .rodata.* .gnu.linkonce.r.*)
 *(.rodata1)
                0x000106ac                . = ALIGN (0x4)
                0x000106ac                PROVIDE (__ram_rodata_end, ABSOLUTE (.))
                0x000106ac                PROVIDE (__flash_rodata_start, LOADADDR (.rodata))

.rwdata         0x000106ac        0x4 load address 0x000106b0
                0x000106ac                PROVIDE (__ram_rwdata_start, ABSOLUTE (.))
                0x000106ac                . = ALIGN (0x4)
 *(.got.plt)
 *(.got)
 *(.data1)
 *(.data .data.* .gnu.linkonce.d.*)
 .data          0x000106ac        0x0 ../teste001_bsp//obj/HAL/src/crt0.o
 .data          0x000106ac        0x0 obj/default/hello_world_small.o
 .data          0x000106ac        0x0 ../teste001_bsp/\libhal_bsp.a(alt_load.o)
 .data          0x000106ac        0x0 ../teste001_bsp/\libhal_bsp.a(alt_main.o)
 .data          0x000106ac        0x0 ../teste001_bsp/\libhal_bsp.a(alt_usleep.o)
 .data          0x000106ac        0x0 ../teste001_bsp/\libhal_bsp.a(alt_sys_init.o)
 .data          0x000106ac        0x0 ../teste001_bsp/\libhal_bsp.a(alt_busy_sleep.o)
 .data          0x000106ac        0x0 ../teste001_bsp/\libhal_bsp.a(alt_dcache_flush_all.o)
 .data          0x000106ac        0x0 ../teste001_bsp/\libhal_bsp.a(alt_icache_flush_all.o)
 .data          0x000106ac        0x0 ../teste001_bsp/\libhal_bsp.a(altera_nios2_qsys_irq.o)
 .data          0x000106ac        0x0 c:/altera/web_13.0sp1/nios2eds/bin/gnu/h-i686-mingw32/bin/../lib/gcc/nios2-elf/4.1.2/mno-hw-mul\libgcc.a(lib2-divmod.o)
 .data          0x000106ac        0x0 c:/altera/web_13.0sp1/nios2eds/bin/gnu/h-i686-mingw32/bin/../lib/gcc/nios2-elf/4.1.2/mno-hw-mul\libgcc.a(lib2-mul.o)
                0x000186ac                _gp = ABSOLUTE ((. + 0x8000))
                0x000186ac                PROVIDE (gp, _gp)
 *(.rwdata .rwdata.*)
 *(.sdata .sdata.* .gnu.linkonce.s.*)
 .sdata         0x000106ac        0x4 ../teste001_bsp/\libhal_bsp.a(alt_sys_init.o)
                0x000106ac                jtag_uart_0
 *(.sdata2 .sdata2.* .gnu.linkonce.s2.*)
                0x000106b0                . = ALIGN (0x4)
                0x000106b0                _edata = ABSOLUTE (.)
                0x000106b0                PROVIDE (edata, ABSOLUTE (.))
                0x000106b0                PROVIDE (__ram_rwdata_end, ABSOLUTE (.))
                0x000106b0                PROVIDE (__flash_rwdata_start, LOADADDR (.rwdata))

.bss            0x000106b4       0x20
                0x000106b4                __bss_start = ABSOLUTE (.)
                0x000106b4                PROVIDE (__sbss_start, ABSOLUTE (.))
                0x000106b4                PROVIDE (___sbss_start, ABSOLUTE (.))
 *(.dynsbss)
 *(.sbss .sbss.* .gnu.linkonce.sb.*)
 .sbss          0x000106b4        0xc obj/default/hello_world_small.o
 .sbss          0x000106c0        0x6 obj/default/hello_world_small.o
                0x000106c0                max_timer0
                0x000106c2                max_timer2
                0x000106c4                max_timer1
 *fill*         0x000106c6        0x2 00
 .sbss          0x000106c8        0xc ../teste001_bsp/\libhal_bsp.a(alt_main.o)
                0x000106c8                alt_argc
                0x000106cc                alt_argv
                0x000106d0                alt_envp
 *(.sbss2 .sbss2.* .gnu.linkonce.sb2.*)
 *(.scommon)
                0x000106d4                PROVIDE (__sbss_end, ABSOLUTE (.))
                0x000106d4                PROVIDE (___sbss_end, ABSOLUTE (.))
 *(.dynbss)
 *(.bss .bss.* .gnu.linkonce.b.*)
 .bss           0x000106d4        0x0 ../teste001_bsp//obj/HAL/src/crt0.o
 .bss           0x000106d4        0x0 obj/default/hello_world_small.o
 .bss           0x000106d4        0x0 ../teste001_bsp/\libhal_bsp.a(alt_load.o)
 .bss           0x000106d4        0x0 ../teste001_bsp/\libhal_bsp.a(alt_main.o)
 .bss           0x000106d4        0x0 ../teste001_bsp/\libhal_bsp.a(alt_usleep.o)
 .bss           0x000106d4        0x0 ../teste001_bsp/\libhal_bsp.a(alt_sys_init.o)
 .bss           0x000106d4        0x0 ../teste001_bsp/\libhal_bsp.a(alt_busy_sleep.o)
 .bss           0x000106d4        0x0 ../teste001_bsp/\libhal_bsp.a(alt_dcache_flush_all.o)
 .bss           0x000106d4        0x0 ../teste001_bsp/\libhal_bsp.a(alt_icache_flush_all.o)
 .bss           0x000106d4        0x0 ../teste001_bsp/\libhal_bsp.a(altera_nios2_qsys_irq.o)
 .bss           0x000106d4        0x0 c:/altera/web_13.0sp1/nios2eds/bin/gnu/h-i686-mingw32/bin/../lib/gcc/nios2-elf/4.1.2/mno-hw-mul\libgcc.a(lib2-divmod.o)
 .bss           0x000106d4        0x0 c:/altera/web_13.0sp1/nios2eds/bin/gnu/h-i686-mingw32/bin/../lib/gcc/nios2-elf/4.1.2/mno-hw-mul\libgcc.a(lib2-mul.o)
 *(COMMON)
                0x000106d4                . = ALIGN (0x4)
                0x000106d4                __bss_end = ABSOLUTE (.)

.onchip_memory2_0
                0x000106d4        0x0
                0x000106d4                PROVIDE (_alt_partition_onchip_memory2_0_start, ABSOLUTE (.))
 *(.onchip_memory2_0. onchip_memory2_0.*)
                0x000106d4                . = ALIGN (0x4)
                0x000106d4                PROVIDE (_alt_partition_onchip_memory2_0_end, ABSOLUTE (.))
                0x000106d4                _end = ABSOLUTE (.)
                0x000106d4                end = ABSOLUTE (.)
                0x000106d4                __alt_stack_base = ABSOLUTE (.)
                0x000106d4                PROVIDE (_alt_partition_onchip_memory2_0_load_addr, LOADADDR (.onchip_memory2_0))

.stab
 *(.stab)

.stabstr
 *(.stabstr)

.stab.excl
 *(.stab.excl)

.stab.exclstr
 *(.stab.exclstr)

.stab.index
 *(.stab.index)

.stab.indexstr
 *(.stab.indexstr)

.comment        0x00000000       0x26
 *(.comment)
 .comment       0x00000000       0x26 obj/default/hello_world_small.o
                                 0x27 (size before relaxing)
 .comment       0x00000000       0x27 ../teste001_bsp/\libhal_bsp.a(alt_load.o)
 .comment       0x00000000       0x27 ../teste001_bsp/\libhal_bsp.a(alt_main.o)
 .comment       0x00000000       0x27 ../teste001_bsp/\libhal_bsp.a(alt_usleep.o)
 .comment       0x00000000       0x27 ../teste001_bsp/\libhal_bsp.a(alt_sys_init.o)
 .comment       0x00000000       0x27 ../teste001_bsp/\libhal_bsp.a(alt_busy_sleep.o)
 .comment       0x00000000       0x27 ../teste001_bsp/\libhal_bsp.a(alt_dcache_flush_all.o)
 .comment       0x00000000       0x27 ../teste001_bsp/\libhal_bsp.a(alt_icache_flush_all.o)
 .comment       0x00000000       0x27 ../teste001_bsp/\libhal_bsp.a(altera_nios2_qsys_irq.o)
 .comment       0x00000000       0x27 c:/altera/web_13.0sp1/nios2eds/bin/gnu/h-i686-mingw32/bin/../lib/gcc/nios2-elf/4.1.2/mno-hw-mul\libgcc.a(lib2-divmod.o)
 .comment       0x00000000       0x27 c:/altera/web_13.0sp1/nios2eds/bin/gnu/h-i686-mingw32/bin/../lib/gcc/nios2-elf/4.1.2/mno-hw-mul\libgcc.a(lib2-mul.o)

.debug
 *(.debug)

.line
 *(.line)

.debug_srcinfo
 *(.debug_srcinfo)

.debug_sfnames
 *(.debug_sfnames)

.debug_aranges  0x00000000      0x188
 *(.debug_aranges)
 .debug_aranges
                0x00000000       0x28 ../teste001_bsp//obj/HAL/src/crt0.o
 .debug_aranges
                0x00000028       0x20 obj/default/hello_world_small.o
 .debug_aranges
                0x00000048       0x20 ../teste001_bsp/\libhal_bsp.a(alt_load.o)
 .debug_aranges
                0x00000068       0x20 ../teste001_bsp/\libhal_bsp.a(alt_main.o)
 .debug_aranges
                0x00000088       0x20 ../teste001_bsp/\libhal_bsp.a(alt_usleep.o)
 .debug_aranges
                0x000000a8       0x20 ../teste001_bsp/\libhal_bsp.a(alt_sys_init.o)
 .debug_aranges
                0x000000c8       0x20 ../teste001_bsp/\libhal_bsp.a(alt_busy_sleep.o)
 .debug_aranges
                0x000000e8       0x20 ../teste001_bsp/\libhal_bsp.a(alt_dcache_flush_all.o)
 .debug_aranges
                0x00000108       0x20 ../teste001_bsp/\libhal_bsp.a(alt_icache_flush_all.o)
 .debug_aranges
                0x00000128       0x20 ../teste001_bsp/\libhal_bsp.a(altera_nios2_qsys_irq.o)
 .debug_aranges
                0x00000148       0x20 c:/altera/web_13.0sp1/nios2eds/bin/gnu/h-i686-mingw32/bin/../lib/gcc/nios2-elf/4.1.2/mno-hw-mul\libgcc.a(lib2-divmod.o)
 .debug_aranges
                0x00000168       0x20 c:/altera/web_13.0sp1/nios2eds/bin/gnu/h-i686-mingw32/bin/../lib/gcc/nios2-elf/4.1.2/mno-hw-mul\libgcc.a(lib2-mul.o)

.debug_pubnames
                0x00000000      0x26b
 *(.debug_pubnames)
 .debug_pubnames
                0x00000000       0x92 obj/default/hello_world_small.o
 .debug_pubnames
                0x00000092       0x1f ../teste001_bsp/\libhal_bsp.a(alt_load.o)
 .debug_pubnames
                0x000000b1       0x46 ../teste001_bsp/\libhal_bsp.a(alt_main.o)
 .debug_pubnames
                0x000000f7       0x1d ../teste001_bsp/\libhal_bsp.a(alt_usleep.o)
 .debug_pubnames
                0x00000114       0x44 ../teste001_bsp/\libhal_bsp.a(alt_sys_init.o)
 .debug_pubnames
                0x00000158       0x25 ../teste001_bsp/\libhal_bsp.a(alt_busy_sleep.o)
 .debug_pubnames
                0x0000017d       0x2b ../teste001_bsp/\libhal_bsp.a(alt_dcache_flush_all.o)
 .debug_pubnames
                0x000001a8       0x2b ../teste001_bsp/\libhal_bsp.a(alt_icache_flush_all.o)
 .debug_pubnames
                0x000001d3       0x31 ../teste001_bsp/\libhal_bsp.a(altera_nios2_qsys_irq.o)
 .debug_pubnames
                0x00000204       0x48 c:/altera/web_13.0sp1/nios2eds/bin/gnu/h-i686-mingw32/bin/../lib/gcc/nios2-elf/4.1.2/mno-hw-mul\libgcc.a(lib2-divmod.o)
 .debug_pubnames
                0x0000024c       0x1f c:/altera/web_13.0sp1/nios2eds/bin/gnu/h-i686-mingw32/bin/../lib/gcc/nios2-elf/4.1.2/mno-hw-mul\libgcc.a(lib2-mul.o)

.debug_info     0x00000000      0xc55
 *(.debug_info .gnu.linkonce.wi.*)
 .debug_info    0x00000000       0x7b ../teste001_bsp//obj/HAL/src/crt0.o
 .debug_info    0x0000007b      0x1d9 obj/default/hello_world_small.o
 .debug_info    0x00000254      0x12e ../teste001_bsp/\libhal_bsp.a(alt_load.o)
 .debug_info    0x00000382      0x125 ../teste001_bsp/\libhal_bsp.a(alt_main.o)
 .debug_info    0x000004a7       0xab ../teste001_bsp/\libhal_bsp.a(alt_usleep.o)
 .debug_info    0x00000552      0x17d ../teste001_bsp/\libhal_bsp.a(alt_sys_init.o)
 .debug_info    0x000006cf       0xd0 ../teste001_bsp/\libhal_bsp.a(alt_busy_sleep.o)
 .debug_info    0x0000079f       0x8d ../teste001_bsp/\libhal_bsp.a(alt_dcache_flush_all.o)
 .debug_info    0x0000082c       0x8d ../teste001_bsp/\libhal_bsp.a(alt_icache_flush_all.o)
 .debug_info    0x000008b9       0x8d ../teste001_bsp/\libhal_bsp.a(altera_nios2_qsys_irq.o)
 .debug_info    0x00000946      0x21c c:/altera/web_13.0sp1/nios2eds/bin/gnu/h-i686-mingw32/bin/../lib/gcc/nios2-elf/4.1.2/mno-hw-mul\libgcc.a(lib2-divmod.o)
 .debug_info    0x00000b62       0xf3 c:/altera/web_13.0sp1/nios2eds/bin/gnu/h-i686-mingw32/bin/../lib/gcc/nios2-elf/4.1.2/mno-hw-mul\libgcc.a(lib2-mul.o)

.debug_abbrev   0x00000000      0x63e
 *(.debug_abbrev)
 .debug_abbrev  0x00000000       0x12 ../teste001_bsp//obj/HAL/src/crt0.o
 .debug_abbrev  0x00000012      0x11e obj/default/hello_world_small.o
 .debug_abbrev  0x00000130       0x97 ../teste001_bsp/\libhal_bsp.a(alt_load.o)
 .debug_abbrev  0x000001c7       0xa6 ../teste001_bsp/\libhal_bsp.a(alt_main.o)
 .debug_abbrev  0x0000026d       0x5d ../teste001_bsp/\libhal_bsp.a(alt_usleep.o)
 .debug_abbrev  0x000002ca       0xe3 ../teste001_bsp/\libhal_bsp.a(alt_sys_init.o)
 .debug_abbrev  0x000003ad       0x79 ../teste001_bsp/\libhal_bsp.a(alt_busy_sleep.o)
 .debug_abbrev  0x00000426       0x3f ../teste001_bsp/\libhal_bsp.a(alt_dcache_flush_all.o)
 .debug_abbrev  0x00000465       0x3f ../teste001_bsp/\libhal_bsp.a(alt_icache_flush_all.o)
 .debug_abbrev  0x000004a4       0x3f ../teste001_bsp/\libhal_bsp.a(altera_nios2_qsys_irq.o)
 .debug_abbrev  0x000004e3       0xe0 c:/altera/web_13.0sp1/nios2eds/bin/gnu/h-i686-mingw32/bin/../lib/gcc/nios2-elf/4.1.2/mno-hw-mul\libgcc.a(lib2-divmod.o)
 .debug_abbrev  0x000005c3       0x7b c:/altera/web_13.0sp1/nios2eds/bin/gnu/h-i686-mingw32/bin/../lib/gcc/nios2-elf/4.1.2/mno-hw-mul\libgcc.a(lib2-mul.o)

.debug_line     0x00000000     0x1a3f
 *(.debug_line)
 .debug_line    0x00000000       0x66 ../teste001_bsp//obj/HAL/src/crt0.o
 .debug_line    0x00000066      0x531 obj/default/hello_world_small.o
 .debug_line    0x00000597      0x21f ../teste001_bsp/\libhal_bsp.a(alt_load.o)
 .debug_line    0x000007b6      0x2ca ../teste001_bsp/\libhal_bsp.a(alt_main.o)
 .debug_line    0x00000a80      0x20e ../teste001_bsp/\libhal_bsp.a(alt_usleep.o)
 .debug_line    0x00000c8e      0x28e ../teste001_bsp/\libhal_bsp.a(alt_sys_init.o)
 .debug_line    0x00000f1c      0x26a ../teste001_bsp/\libhal_bsp.a(alt_busy_sleep.o)
 .debug_line    0x00001186      0x1bd ../teste001_bsp/\libhal_bsp.a(alt_dcache_flush_all.o)
 .debug_line    0x00001343      0x1bd ../teste001_bsp/\libhal_bsp.a(alt_icache_flush_all.o)
 .debug_line    0x00001500      0x1d6 ../teste001_bsp/\libhal_bsp.a(altera_nios2_qsys_irq.o)
 .debug_line    0x000016d6      0x24f c:/altera/web_13.0sp1/nios2eds/bin/gnu/h-i686-mingw32/bin/../lib/gcc/nios2-elf/4.1.2/mno-hw-mul\libgcc.a(lib2-divmod.o)
 .debug_line    0x00001925      0x11a c:/altera/web_13.0sp1/nios2eds/bin/gnu/h-i686-mingw32/bin/../lib/gcc/nios2-elf/4.1.2/mno-hw-mul\libgcc.a(lib2-mul.o)

.debug_frame    0x00000000      0x270
 *(.debug_frame)
 .debug_frame   0x00000000       0xa0 obj/default/hello_world_small.o
 .debug_frame   0x000000a0       0x38 ../teste001_bsp/\libhal_bsp.a(alt_load.o)
 .debug_frame   0x000000d8       0x28 ../teste001_bsp/\libhal_bsp.a(alt_main.o)
 .debug_frame   0x00000100       0x20 ../teste001_bsp/\libhal_bsp.a(alt_usleep.o)
 .debug_frame   0x00000120       0x38 ../teste001_bsp/\libhal_bsp.a(alt_sys_init.o)
 .debug_frame   0x00000158       0x28 ../teste001_bsp/\libhal_bsp.a(alt_busy_sleep.o)
 .debug_frame   0x00000180       0x20 ../teste001_bsp/\libhal_bsp.a(alt_dcache_flush_all.o)
 .debug_frame   0x000001a0       0x20 ../teste001_bsp/\libhal_bsp.a(alt_icache_flush_all.o)
 .debug_frame   0x000001c0       0x20 ../teste001_bsp/\libhal_bsp.a(altera_nios2_qsys_irq.o)
 .debug_frame   0x000001e0       0x70 c:/altera/web_13.0sp1/nios2eds/bin/gnu/h-i686-mingw32/bin/../lib/gcc/nios2-elf/4.1.2/mno-hw-mul\libgcc.a(lib2-divmod.o)
 .debug_frame   0x00000250       0x20 c:/altera/web_13.0sp1/nios2eds/bin/gnu/h-i686-mingw32/bin/../lib/gcc/nios2-elf/4.1.2/mno-hw-mul\libgcc.a(lib2-mul.o)

.debug_str      0x00000000      0x5fb
 *(.debug_str)
 .debug_str     0x00000000      0x14c obj/default/hello_world_small.o
                                0x18f (size before relaxing)
 .debug_str     0x0000014c      0x13b ../teste001_bsp/\libhal_bsp.a(alt_load.o)
                                0x1d0 (size before relaxing)
 .debug_str     0x00000287       0x75 ../teste001_bsp/\libhal_bsp.a(alt_main.o)
                                0x154 (size before relaxing)
 .debug_str     0x000002fc       0x27 ../teste001_bsp/\libhal_bsp.a(alt_usleep.o)
                                0x106 (size before relaxing)
 .debug_str     0x00000323       0xb1 ../teste001_bsp/\libhal_bsp.a(alt_sys_init.o)
                                0x1c9 (size before relaxing)
 .debug_str     0x000003d4       0x42 ../teste001_bsp/\libhal_bsp.a(alt_busy_sleep.o)
                                0x129 (size before relaxing)
 .debug_str     0x00000416       0x34 ../teste001_bsp/\libhal_bsp.a(alt_dcache_flush_all.o)
                                0x113 (size before relaxing)
 .debug_str     0x0000044a       0x34 ../teste001_bsp/\libhal_bsp.a(alt_icache_flush_all.o)
                                0x113 (size before relaxing)
 .debug_str     0x0000047e       0x3b ../teste001_bsp/\libhal_bsp.a(altera_nios2_qsys_irq.o)
                                0x11a (size before relaxing)
 .debug_str     0x000004b9      0x10b c:/altera/web_13.0sp1/nios2eds/bin/gnu/h-i686-mingw32/bin/../lib/gcc/nios2-elf/4.1.2/mno-hw-mul\libgcc.a(lib2-divmod.o)
                                0x1b4 (size before relaxing)
 .debug_str     0x000005c4       0x37 c:/altera/web_13.0sp1/nios2eds/bin/gnu/h-i686-mingw32/bin/../lib/gcc/nios2-elf/4.1.2/mno-hw-mul\libgcc.a(lib2-mul.o)
                                0x175 (size before relaxing)

.debug_loc      0x00000000      0x383
 *(.debug_loc)
 .debug_loc     0x00000000       0x8f obj/default/hello_world_small.o
 .debug_loc     0x0000008f       0x1f ../teste001_bsp/\libhal_bsp.a(alt_load.o)
 .debug_loc     0x000000ae       0x1f ../teste001_bsp/\libhal_bsp.a(alt_main.o)
 .debug_loc     0x000000cd       0x13 ../teste001_bsp/\libhal_bsp.a(alt_usleep.o)
 .debug_loc     0x000000e0       0x32 ../teste001_bsp/\libhal_bsp.a(alt_sys_init.o)
 .debug_loc     0x00000112       0x50 ../teste001_bsp/\libhal_bsp.a(alt_busy_sleep.o)
 .debug_loc     0x00000162      0x1d2 c:/altera/web_13.0sp1/nios2eds/bin/gnu/h-i686-mingw32/bin/../lib/gcc/nios2-elf/4.1.2/mno-hw-mul\libgcc.a(lib2-divmod.o)
 .debug_loc     0x00000334       0x4f c:/altera/web_13.0sp1/nios2eds/bin/gnu/h-i686-mingw32/bin/../lib/gcc/nios2-elf/4.1.2/mno-hw-mul\libgcc.a(lib2-mul.o)

.debug_macinfo
 *(.debug_macinfo)

.debug_weaknames
 *(.debug_weaknames)

.debug_funcnames
 *(.debug_funcnames)

.debug_typenames
 *(.debug_typenames)

.debug_varnames
 *(.debug_varnames)

.debug_alt_sim_info
                0x00000000       0x40
 *(.debug_alt_sim_info)
 .debug_alt_sim_info
                0x00000000       0x10 ../teste001_bsp//obj/HAL/src/crt0.o
 .debug_alt_sim_info
                0x00000010       0x30 ../teste001_bsp/\libhal_bsp.a(alt_busy_sleep.o)
                0x0001a000                __alt_data_end = 0x1a000
                0x0001a000                PROVIDE (__alt_stack_pointer, __alt_data_end)
                0x000106d4                PROVIDE (__alt_stack_limit, __alt_stack_base)
                0x000106d4                PROVIDE (__alt_heap_start, end)
                0x0001a000                PROVIDE (__alt_heap_limit, 0x1a000)
OUTPUT(teste001.elf elf32-littlenios2)

.debug_ranges   0x00000000       0x20
 .debug_ranges  0x00000000       0x20 ../teste001_bsp//obj/HAL/src/crt0.o
